# Licensed to the Apache Software Foundation (ASF) under one or more
# contributor license agreements.  See the NOTICE file distributed with
# this work for additional information regarding copyright ownership.
# The ASF licenses this file to You under the Apache License, Version 2.0
# (the "License"); you may not use this file except in compliance with
# the License.  You may obtain a copy of the License at
#
#     http://www.apache.org/licenses/LICENSE-2.0
#
# Unless required by applicable law or agreed to in writing, software
# distributed under the License is distributed on an "AS IS" BASIS,
# WITHOUT WARRANTIES OR CONDITIONS OF ANY KIND, either express or implied.
# See the License for the specific language governing permissions and
# limitations under the License.

nodes:
  - id: not null
    name: re(ratings-v1.*)
    type: http
    isReal: true
  - id: not null
    name: re(reviews-v1.*)
    type: http
    isReal: true
  - id: not null
    name: re(reviews-v2.*)
    type: http
    isReal: true
  - id: not null
    name: re(reviews-v3.*)
    type: http
    isReal: true
  - id: not null
    name: re(productpage-v1.*)
    isReal: true
  - id: not null
    name: re(details-v1.*)
    type: http
    isReal: true
  - id: not null
    name: re(istio-ingressgateway.*)
    type: http
    isReal: true
  - id: not null
    name: UNKNOWN
    isReal: true
calls:
  - id: not null
    source: re(VU5LTk9XTg.*)
    target: re(aXN0aW8taW5ncmVzc2dhdGV3YXkt.*)
    detectPoints:
      - SERVER
  - id: not null
    source: re(cHJvZHVjdHBhZ2UtdjEt.*)
    target: re(cmV2aWV3cy12MS0.*)
    detectPoints:
      - CLIENT
      - SERVER
  - id: not null
    source: re(cHJvZHVjdHBhZ2UtdjEt.*)
    target: re(ZGV0YWlscy12MS.*)
    detectPoints:
      - CLIENT
      - SERVER
  - id: not null
    source: re(cHJvZHVjdHBhZ2UtdjEt.*)
    target: re(cmV2aWV3cy12Mi.*)
    detectPoints:
      - CLIENT
      - SERVER
  - id: not null
    source: re(cmV2aWV3cy12Mi.*)
    target: re(cmF0aW5ncy12MS.*)
    detectPoints:
      - CLIENT
      - SERVER
  - id: not null
    source: re(cmV2aWV3cy12My.*)
    target: re(cmF0aW5ncy12MS.*)
    detectPoints:
      - CLIENT
      - SERVER
  - id: not null
    source: re(aXN0aW8taW5ncmVzc2dhdGV3YXkt.*)
    target: re(cHJvZHVjdHBhZ2UtdjEt.*)
    detectPoints:
      - CLIENT
  - id: not null
    source: re(cHJvZHVjdHBhZ2UtdjEt.*)
    target: re(cmV2aWV3cy12My.*)
    detectPoints:
      - CLIENT
      - SERVER
